// Jest Snapshot v1, https://goo.gl/fbAQLP

exports[`Cabinet test 1`] = `
Array [
  <header>
    <div
      className="container"
    >
      <div
        className="flex-row"
      >
        <div
          className="header__CabinetInfo"
          onClick={[Function]}
        >
          <img
            alt="icon"
            className="mainIcon"
            draggable={false}
            onClick={null}
            src="/img/logo.svg"
            title={null}
          />
          <h3
            className="tilteApp"
          >
            Constructor
          </h3>
        </div>
        <div
          className="header__newProject__AddButton"
          onClick={[Function]}
        >
          <img
            alt="icon"
            className="Cabinet"
            draggable={false}
            onClick={null}
            src="/img/plus.png"
            title={null}
          />
        </div>
        <div
          className="Navigator"
        >
          <img
            alt="icon"
            className="about"
            draggable={false}
            onClick={[Function]}
            src="/img/about_logo.svg"
            title="about"
          />
          <img
            alt="icon"
            className="logoutButton"
            draggable={false}
            onClick={[Function]}
            src="/img/logOut.svg"
            title="logOut"
          />
        </div>
      </div>
    </div>
  </header>,
  <section
    className="projectsList"
  >
    <div
      className="container"
    >
      <div
        className="flex-column"
      >
        <div
          className="projectsList__about"
        >
          <h3>
            Your Projects
          </h3>
        </div>
        <div
          className="projectsList__list"
        >
          <div
            className="item"
            data-id={0}
          >
            <p
              className="ProjectName"
            >
              Test1
            </p>
            <p
              className="ProjectType"
            >
              landing
            </p>
            <div
              className="projectController"
            >
              <input
                className="projectControllerButton_enter"
                onClick={[Function]}
                type="button"
                value="enter build"
              />
              <input
                className="projectControllerButton_delete"
                onClick={[Function]}
                type="button"
                value="delete"
              />
            </div>
          </div>
        </div>
      </div>
    </div>
  </section>,
]
`;
